2025-10-22 18:03:31,148 | INFO | MAIN - START
2025-10-22 18:03:31,148 | INFO |  > FOCAL LOSS set to False
2025-10-22 18:03:31,148 | INFO |  > ALINGNMENT set to False
2025-10-22 18:03:31,148 | INFO |  > ATTENTION GATE set to -> Building: False, Damage : False
2025-10-22 18:03:31,148 | INFO |  > TEMPORAL ATTENTION GATE set to -> False
2025-10-22 18:03:31,148 | INFO | Command Line Args:
{
    "cfg": "/mnt/storage1/alpgenc/change_detection/ChangeMamba_AG/changedetection/configs/vssm1/vssm_base_224.yaml",
    "opts": null,
    "pretrained_weight_path": "/mnt/storage1/alpgenc/change_detection/ChangeMamba_AG/pretrained_weight/vssm_base_0229_ckpt_epoch_237.pth",
    "dataset": "EarthquakeTurkey",
    "type": "train",
    "train_dataset_path": "/mnt/storage1/alpgenc/change_detection/datasets/earthquake_turkey/earthquake-turkey",
    "train_data_list_path": "/mnt/storage1/alpgenc/change_detection/datasets/earthquake_turkey/earthquake-turkey/train_list.txt",
    "test_dataset_path": "/mnt/storage1/alpgenc/change_detection/datasets/earthquake_turkey/earthquake-turkey",
    "test_data_list_path": "/mnt/storage1/alpgenc/change_detection/datasets/earthquake_turkey/earthquake-turkey/test_list.txt",
    "shuffle": true,
    "batch_size": 8,
    "crop_size": 256,
    "start_iter": 0,
    "cuda": true,
    "max_iters": 100000,
    "model_type": "MambaBDA_Base",
    "model_param_path": "/mnt/storage1/alpgenc/change_detection/ChangeMamba_AG/changedetection/deneme_saved_models/tr2025-10-22_18-03-29_MambaBDA_Base_EarthquakeTurkey",
    "resume": null,
    "learning_rate": 0.0001,
    "momentum": 0.9,
    "weight_decay": 0.005,
    "logfile": "/mnt/storage1/alpgenc/change_detection/ChangeMamba_AG/LOGLAR_CMAG/train_EarthquakeTurkey/train_2025-10-22_18-03-29_MambaBDA_Base_EarthquakeTurkey.log",
    "extension": "png",
    "focal_loss": false,
    "enable_alignment": false,
    "enable_attn_gate_building": false,
    "enable_attn_gate_damage": false,
    "deterministic": false,
    "validations": 8,
    "measure_train_scores": true,
    "enable_temporal_attn_gate_damage": false
}
2025-10-22 18:03:31,148 | INFO | Starting in RANDOM mode / not deterministic.
2025-10-22 18:03:31,151 | INFO |  > TRAIN EVALUATION params: TRAIN_BUF_MAXLEN = 8000
2025-10-22 18:03:31,151 | INFO |  > ALIGNMENT params: alignment_args = AlignmentArgs(enabled=False, stages=None, mid_ch=None)
2025-10-22 18:03:31,151 | INFO |  > ATTENTION GATE params: attn_gate_args = AttentionGateArgs(enable_building_ag=False, enable_damage_ag=False, enable_temporal_damage_ag=False)
2025-10-22 18:03:31,151 | INFO | ChangeMambaBDA class
2025-10-22 18:03:34,993 | INFO | ================================================================================
2025-10-22 18:03:34,993 | INFO | Model Parameters: Total=94,717,575(94.72M), Trainable=94,717,575(94.72M)
2025-10-22 18:03:34,993 | INFO | Breakdown by component:
2025-10-22 18:03:34,993 | INFO |   Component                               Params       %       Trainable
2025-10-22 18:03:34,993 | INFO | --------------------------------------------------------------------------------
2025-10-22 18:03:34,993 | INFO |   encoder                             87,534,592  92.42%      87,534,592
2025-10-22 18:03:34,994 | INFO |   decoder_damage                       4,865,024   5.14%       4,865,024
2025-10-22 18:03:34,994 | INFO |   decoder_building                     2,317,056   2.45%       2,317,056
2025-10-22 18:03:34,994 | INFO |   main_clf                                   645   0.00%             645
2025-10-22 18:03:34,994 | INFO |   aux_clf                                    258   0.00%             258
2025-10-22 18:03:34,994 | INFO | --------------------------------------------------------------------------------
2025-10-22 18:03:34,994 | INFO | Breakdown by module type:
2025-10-22 18:03:34,995 | INFO | ================================================================================
2025-10-22 18:03:34,995 | INFO | ---------starting training-----------
2025-10-22 18:03:35,050 | INFO | VAL_STEP=1562, (number_of_validations = 8)
2025-10-22 18:04:37,672 | INFO | iter is 100 / 12500 [skipped    0] | loc. loss = 0.3317 ±0.1576, classif. loss = 0.6604 ±0.6150
2025-10-22 18:05:39,677 | INFO | iter is 200 / 12500 [skipped    0] | loc. loss = 0.2325 ±0.0620, classif. loss = 0.5541 ±0.4441
2025-10-22 18:06:41,775 | INFO | iter is 300 / 12500 [skipped    0] | loc. loss = 0.1944 ±0.0459, classif. loss = 0.5260 ±0.4759
2025-10-22 18:07:43,966 | INFO | iter is 400 / 12500 [skipped    0] | loc. loss = 0.1828 ±0.0514, classif. loss = 0.4459 ±0.3745
2025-10-22 18:08:46,145 | INFO | iter is 500 / 12500 [skipped    0] | loc. loss = 0.1662 ±0.0409, classif. loss = 0.4729 ±0.4387
2025-10-22 18:09:48,413 | INFO | iter is 600 / 12500 [skipped    0] | loc. loss = 0.1619 ±0.0475, classif. loss = 0.4443 ±0.3189
2025-10-22 18:10:50,645 | INFO | iter is 700 / 12500 [skipped    0] | loc. loss = 0.1509 ±0.0394, classif. loss = 0.4124 ±0.3092
2025-10-22 18:11:52,939 | INFO | iter is 800 / 12500 [skipped    0] | loc. loss = 0.1441 ±0.0405, classif. loss = 0.4604 ±0.4023
2025-10-22 18:12:55,198 | INFO | iter is 900 / 12500 [skipped    0] | loc. loss = 0.1407 ±0.0335, classif. loss = 0.3795 ±0.2729
2025-10-22 18:13:57,664 | INFO | iter is 1000 / 12500 [skipped    0] | loc. loss = 0.1398 ±0.0345, classif. loss = 0.3436 ±0.2661
2025-10-22 18:14:59,962 | INFO | iter is 1100 / 12500 [skipped    0] | loc. loss = 0.1298 ±0.0317, classif. loss = 0.3670 ±0.3473
2025-10-22 18:16:02,401 | INFO | iter is 1200 / 12500 [skipped    0] | loc. loss = 0.1343 ±0.0361, classif. loss = 0.3680 ±0.2950
2025-10-22 18:17:04,826 | INFO | iter is 1300 / 12500 [skipped    0] | loc. loss = 0.1267 ±0.0287, classif. loss = 0.3358 ±0.3879
2025-10-22 18:18:07,287 | INFO | iter is 1400 / 12500 [skipped    0] | loc. loss = 0.1209 ±0.0309, classif. loss = 0.3397 ±0.2688
2025-10-22 18:19:09,806 | INFO | iter is 1500 / 12500 [skipped    0] | loc. loss = 0.1238 ±0.0396, classif. loss = 0.2882 ±0.2682
2025-10-22 18:19:48,567 | INFO | ---------starting evaluation-----------
2025-10-22 18:19:49,563 | INFO | validation:    0/ 189 (2025-10-22_18-19-49)
2025-10-22 18:20:02,173 | INFO | validation:  100/ 189 (2025-10-22_18-20-02)
2025-10-22 18:20:13,619 | INFO | Confusion Matrix of Localization:
[[43730153   654693]
 [  434515  4725855]]
2025-10-22 18:20:13,619 | INFO | Confusion Matrix of Localization - Normalized:
[[0.98524963 0.01475037]
 [0.0842023  0.9157977 ]]
2025-10-22 18:20:13,619 | INFO | Confusion Matrix of Classification:
[[      0       0       0       0       0]
 [      8 4961407    8341   10675   27430]
 [      0   29037   12421    5395    3780]
 [      0   32167      48    6350    7347]
 [      0    7077     574   14784   33529]]
2025-10-22 18:20:13,619 | INFO | Confusion Matrix of Classification - Normalized:
[[           nan            nan            nan            nan
             nan]
 [1.59748843e-06 9.90723784e-01 1.66558137e-03 2.13164862e-03
  5.47738845e-03]
 [0.00000000e+00 5.73479746e-01 2.45314321e-01 1.06551064e-01
  7.46548694e-02]
 [0.00000000e+00 7.00622931e-01 1.04547831e-03 1.38308068e-01
  1.60023523e-01]
 [0.00000000e+00 1.26456293e-01 1.02565935e-02 2.64169823e-01
  5.99117290e-01]]
2025-10-22 18:20:13,619 | INFO | lofF1 is 89.6669, clfF1 is 32.3502, oaF1 is 49.5452, sub class F1 score is [98.8569 34.4946 15.2798 52.3686]
2025-10-22 18:20:13,881 | INFO | Model saved in: /mnt/storage1/alpgenc/change_detection/ChangeMamba_AG/changedetection/deneme_saved_models/tr2025-10-22_18-03-29_MambaBDA_Base_EarthquakeTurkey/model_step1562.pth
2025-10-22 18:20:13,881 | INFO | ---------starting train set evaluation-----------
2025-10-22 18:20:13,881 | INFO | Train buffer size: 1562.
2025-10-22 18:20:20,386 | INFO | [TrainBuf] locF1 is 86.1902, clfF1 is 49.1529, oaF1 is 60.2641, sub class F1 score is [98.0051 32.8199 50.3991 47.9289]
2025-10-22 18:20:44,030 | INFO | iter is 1600 / 12500 [skipped    0] | loc. loss = 0.1243 ±0.0332, classif. loss = 0.3088 ±0.2515
2025-10-22 18:22:02,061 | INFO | iter is 1700 / 12500 [skipped    0] | loc. loss = 0.1178 ±0.0287, classif. loss = 0.2980 ±0.2365
2025-10-22 18:27:39,346 | INFO | iter is 1800 / 12500 [skipped    0] | loc. loss = 0.1211 ±0.0314, classif. loss = 0.3148 ±0.2780
2025-10-22 18:32:58,069 | INFO | iter is 1900 / 12500 [skipped    0] | loc. loss = 0.1215 ±0.0314, classif. loss = 0.2662 ±0.2345
2025-10-22 18:38:04,450 | INFO | iter is 2000 / 12500 [skipped    0] | loc. loss = 0.1122 ±0.0330, classif. loss = 0.2692 ±0.2255
2025-10-22 18:43:40,236 | INFO | iter is 2100 / 12500 [skipped    0] | loc. loss = 0.1162 ±0.0284, classif. loss = 0.2945 ±0.2621
2025-10-22 18:46:30,894 | INFO | iter is 2200 / 12500 [skipped    0] | loc. loss = 0.1179 ±0.0369, classif. loss = 0.2967 ±0.2124
2025-10-22 18:47:33,331 | INFO | iter is 2300 / 12500 [skipped    0] | loc. loss = 0.1111 ±0.0325, classif. loss = 0.3207 ±0.2671
2025-10-22 18:48:35,747 | INFO | iter is 2400 / 12500 [skipped    0] | loc. loss = 0.1168 ±0.0284, classif. loss = 0.2358 ±0.1959
2025-10-22 18:49:38,202 | INFO | iter is 2500 / 12500 [skipped    0] | loc. loss = 0.1138 ±0.0309, classif. loss = 0.2668 ±0.2200
2025-10-22 18:50:40,630 | INFO | iter is 2600 / 12500 [skipped    0] | loc. loss = 0.1095 ±0.0298, classif. loss = 0.2519 ±0.2191
2025-10-22 18:51:43,095 | INFO | iter is 2700 / 12500 [skipped    0] | loc. loss = 0.1138 ±0.0327, classif. loss = 0.2939 ±0.2529
2025-10-22 18:52:45,567 | INFO | iter is 2800 / 12500 [skipped    0] | loc. loss = 0.1112 ±0.0258, classif. loss = 0.2783 ±0.2448
2025-10-22 18:53:48,019 | INFO | iter is 2900 / 12500 [skipped    0] | loc. loss = 0.1079 ±0.0284, classif. loss = 0.2719 ±0.2794
2025-10-22 18:54:50,472 | INFO | iter is 3000 / 12500 [skipped    0] | loc. loss = 0.1148 ±0.0313, classif. loss = 0.2518 ±0.2237
2025-10-22 18:55:52,910 | INFO | iter is 3100 / 12500 [skipped    0] | loc. loss = 0.1110 ±0.0284, classif. loss = 0.2141 ±0.1916
2025-10-22 18:56:07,896 | INFO | ---------starting evaluation-----------
2025-10-22 18:56:08,990 | INFO | validation:    0/ 189 (2025-10-22_18-56-08)
2025-10-22 18:56:21,521 | INFO | validation:  100/ 189 (2025-10-22_18-56-21)
2025-10-22 18:56:32,955 | INFO | Confusion Matrix of Localization:
[[43774137   610709]
 [  385155  4775215]]
2025-10-22 18:56:32,955 | INFO | Confusion Matrix of Localization - Normalized:
[[0.9862406  0.0137594 ]
 [0.07463709 0.92536291]]
2025-10-22 18:56:32,956 | INFO | Confusion Matrix of Classification:
[[      0       0       0       0       0]
 [      0 4968522   19110   10575    9654]
 [      0   32026   13137    2894    2576]
 [      0   29584    4225    6180    5923]
 [      0    6422    2484    2077   44981]]
2025-10-22 18:56:32,956 | INFO | Confusion Matrix of Classification - Normalized:
[[       nan        nan        nan        nan        nan]
 [0.         0.99214455 0.003816   0.00211168 0.00192777]
 [0.         0.63251239 0.2594553  0.0571564  0.05087591]
 [0.         0.64436313 0.09202387 0.13460533 0.12900767]
 [0.         0.11475234 0.04438568 0.03711314 0.80374884]]
2025-10-22 18:56:32,956 | INFO | lofF1 is 90.5572, clfF1 is 35.6608, oaF1 is 52.1297, sub class F1 score is [98.931  29.3273 18.2737 75.5361]
2025-10-22 18:56:33,273 | INFO | Model saved in: /mnt/storage1/alpgenc/change_detection/ChangeMamba_AG/changedetection/deneme_saved_models/tr2025-10-22_18-03-29_MambaBDA_Base_EarthquakeTurkey/model_step3124.pth
2025-10-22 18:56:33,273 | INFO | ---------starting train set evaluation-----------
2025-10-22 18:56:33,273 | INFO | Train buffer size: 1562.
2025-10-22 18:56:39,791 | INFO | [TrainBuf] locF1 is 90.9776, clfF1 is 77.7807, oaF1 is 81.7398, sub class F1 score is [98.9705 67.8969 74.381  76.0452]
2025-10-22 18:57:27,065 | INFO | iter is 3200 / 12500 [skipped    0] | loc. loss = 0.1071 ±0.0293, classif. loss = 0.2329 ±0.2181
2025-10-22 18:58:29,296 | INFO | iter is 3300 / 12500 [skipped    0] | loc. loss = 0.1064 ±0.0306, classif. loss = 0.2134 ±0.2120
2025-10-22 18:59:31,563 | INFO | iter is 3400 / 12500 [skipped    0] | loc. loss = 0.1024 ±0.0298, classif. loss = 0.2549 ±0.2353
2025-10-22 19:00:33,850 | INFO | iter is 3500 / 12500 [skipped    0] | loc. loss = 0.1009 ±0.0271, classif. loss = 0.2173 ±0.2319
2025-10-22 19:01:36,159 | INFO | iter is 3600 / 12500 [skipped    0] | loc. loss = 0.1039 ±0.0257, classif. loss = 0.1795 ±0.1941
2025-10-22 19:02:38,472 | INFO | iter is 3700 / 12500 [skipped    0] | loc. loss = 0.1027 ±0.0270, classif. loss = 0.2213 ±0.2028
2025-10-22 19:03:40,778 | INFO | iter is 3800 / 12500 [skipped    0] | loc. loss = 0.0959 ±0.0260, classif. loss = 0.1983 ±0.2056
2025-10-22 19:04:43,145 | INFO | iter is 3900 / 12500 [skipped    0] | loc. loss = 0.0988 ±0.0281, classif. loss = 0.2215 ±0.2034
2025-10-22 19:05:45,546 | INFO | iter is 4000 / 12500 [skipped    0] | loc. loss = 0.0973 ±0.0256, classif. loss = 0.2211 ±0.2071
2025-10-22 19:06:47,961 | INFO | iter is 4100 / 12500 [skipped    0] | loc. loss = 0.1005 ±0.0351, classif. loss = 0.2106 ±0.2119
2025-10-22 19:07:50,391 | INFO | iter is 4200 / 12500 [skipped    0] | loc. loss = 0.1002 ±0.0285, classif. loss = 0.2260 ±0.2093
2025-10-22 19:08:52,857 | INFO | iter is 4300 / 12500 [skipped    0] | loc. loss = 0.1044 ±0.0231, classif. loss = 0.2411 ±0.2087
2025-10-22 19:09:55,347 | INFO | iter is 4400 / 12500 [skipped    0] | loc. loss = 0.1037 ±0.0265, classif. loss = 0.2192 ±0.1997
2025-10-22 19:10:57,798 | INFO | iter is 4500 / 12500 [skipped    0] | loc. loss = 0.0998 ±0.0277, classif. loss = 0.2119 ±0.1897
2025-10-22 19:12:00,279 | INFO | iter is 4600 / 12500 [skipped    0] | loc. loss = 0.0991 ±0.0284, classif. loss = 0.2082 ±0.1872
2025-10-22 19:12:54,022 | INFO | ---------starting evaluation-----------
2025-10-22 19:12:55,142 | INFO | validation:    0/ 189 (2025-10-22_19-12-55)
2025-10-22 19:13:07,736 | INFO | validation:  100/ 189 (2025-10-22_19-13-07)
2025-10-22 19:13:19,231 | INFO | Confusion Matrix of Localization:
[[43928821   456025]
 [  411499  4748871]]
2025-10-22 19:13:19,231 | INFO | Confusion Matrix of Localization - Normalized:
[[0.98972566 0.01027434]
 [0.07974215 0.92025785]]
2025-10-22 19:13:19,231 | INFO | Confusion Matrix of Classification:
[[      0       0       0       0       0]
 [      0 4995260    7606    3925    1070]
 [      0   36043   12909    1633      48]
 [      0   35858     992    7947    1115]
 [      0    9855    5528   13426   27155]]
2025-10-22 19:13:19,231 | INFO | Confusion Matrix of Classification - Normalized:
[[           nan            nan            nan            nan
             nan]
 [0.00000000e+00 9.97483756e-01 1.51881212e-03 7.83767760e-04
  2.13664077e-04]
 [0.00000000e+00 7.11848004e-01 2.54952304e-01 3.22516936e-02
  9.47998341e-04]
 [0.00000000e+00 7.81015856e-01 2.16065517e-02 1.73092002e-01
  2.42855898e-02]
 [0.00000000e+00 1.76095347e-01 9.87777857e-02 2.39904224e-01
  4.85222643e-01]]
2025-10-22 19:13:19,231 | INFO | lofF1 is 91.6305, clfF1 is 39.3223, oaF1 is 55.0147, sub class F1 score is [99.0644 33.2415 21.8195 63.6306]
2025-10-22 19:13:19,489 | INFO | Model saved in: /mnt/storage1/alpgenc/change_detection/ChangeMamba_AG/changedetection/deneme_saved_models/tr2025-10-22_18-03-29_MambaBDA_Base_EarthquakeTurkey/model_step4686.pth
2025-10-22 19:13:19,489 | INFO | ---------starting train set evaluation-----------
2025-10-22 19:13:19,489 | INFO | Train buffer size: 1562.
2025-10-22 19:13:25,949 | INFO | [TrainBuf] locF1 is 92.0397, clfF1 is 85.7344, oaF1 is 87.6260, sub class F1 score is [99.317  78.6167 84.494  83.1128]
2025-10-22 19:13:34,691 | INFO | iter is 4700 / 12500 [skipped    0] | loc. loss = 0.1051 ±0.0280, classif. loss = 0.2134 ±0.1918
2025-10-22 19:14:36,902 | INFO | iter is 4800 / 12500 [skipped    0] | loc. loss = 0.0968 ±0.0251, classif. loss = 0.1779 ±0.1718
2025-10-22 19:15:39,103 | INFO | iter is 4900 / 12500 [skipped    0] | loc. loss = 0.0997 ±0.0283, classif. loss = 0.2208 ±0.2191
2025-10-22 19:16:41,404 | INFO | iter is 5000 / 12500 [skipped    0] | loc. loss = 0.0950 ±0.0264, classif. loss = 0.2128 ±0.2088
2025-10-22 19:17:43,661 | INFO | iter is 5100 / 12500 [skipped    0] | loc. loss = 0.0984 ±0.0266, classif. loss = 0.2233 ±0.1905
2025-10-22 19:18:45,987 | INFO | iter is 5200 / 12500 [skipped    0] | loc. loss = 0.0945 ±0.0239, classif. loss = 0.2313 ±0.2155
2025-10-22 19:19:48,291 | INFO | iter is 5300 / 12500 [skipped    0] | loc. loss = 0.0939 ±0.0248, classif. loss = 0.2082 ±0.2089
2025-10-22 19:20:50,646 | INFO | iter is 5400 / 12500 [skipped    0] | loc. loss = 0.0920 ±0.0260, classif. loss = 0.1631 ±0.1841
2025-10-22 19:21:52,980 | INFO | iter is 5500 / 12500 [skipped    0] | loc. loss = 0.0970 ±0.0283, classif. loss = 0.2019 ±0.1782
2025-10-22 19:22:55,445 | INFO | iter is 5600 / 12500 [skipped    0] | loc. loss = 0.0890 ±0.0231, classif. loss = 0.2048 ±0.2460
2025-10-22 19:23:57,838 | INFO | iter is 5700 / 12500 [skipped    0] | loc. loss = 0.0942 ±0.0253, classif. loss = 0.2187 ±0.1715
2025-10-22 19:25:00,285 | INFO | iter is 5800 / 12500 [skipped    0] | loc. loss = 0.0920 ±0.0249, classif. loss = 0.2164 ±0.1964
2025-10-22 19:26:02,703 | INFO | iter is 5900 / 12500 [skipped    0] | loc. loss = 0.0948 ±0.0266, classif. loss = 0.1734 ±0.1663
2025-10-22 19:27:05,201 | INFO | iter is 6000 / 12500 [skipped    0] | loc. loss = 0.0944 ±0.0272, classif. loss = 0.1770 ±0.1683
2025-10-22 19:28:07,675 | INFO | iter is 6100 / 12500 [skipped    0] | loc. loss = 0.0931 ±0.0268, classif. loss = 0.2208 ±0.1794
2025-10-22 19:29:10,172 | INFO | iter is 6200 / 12500 [skipped    0] | loc. loss = 0.0918 ±0.0276, classif. loss = 0.1828 ±0.1862
2025-10-22 19:29:40,126 | INFO | ---------starting evaluation-----------
2025-10-22 19:29:41,268 | INFO | validation:    0/ 189 (2025-10-22_19-29-41)
2025-10-22 19:29:53,865 | INFO | validation:  100/ 189 (2025-10-22_19-29-53)
2025-10-22 19:30:05,353 | INFO | Confusion Matrix of Localization:
[[43847059   537787]
 [  375647  4784723]]
2025-10-22 19:30:05,353 | INFO | Confusion Matrix of Localization - Normalized:
[[0.98788354 0.01211646]
 [0.07279459 0.92720541]]
2025-10-22 19:30:05,353 | INFO | Confusion Matrix of Classification:
[[      0       0       0       0       0]
 [      0 4933184   47338   11439   15900]
 [      0   25253   20096     813    4471]
 [      0   25341    7683    8488    4400]
 [      0    6609    3791    8411   37153]]
2025-10-22 19:30:05,353 | INFO | Confusion Matrix of Classification - Normalized:
[[       nan        nan        nan        nan        nan]
 [0.         0.98508804 0.00945274 0.00228421 0.00317501]
 [0.         0.49874588 0.39689531 0.01605672 0.0883021 ]
 [0.         0.5519472  0.16734187 0.18487541 0.09583551]
 [0.         0.11809377 0.06773998 0.15029305 0.6638732 ]]
2025-10-22 19:30:05,353 | INFO | lofF1 is 91.2864, clfF1 is 39.0447, oaF1 is 54.7172, sub class F1 score is [98.681  31.0265 22.6157 63.031 ]
2025-10-22 19:30:05,354 | INFO | ---------starting train set evaluation-----------
2025-10-22 19:30:05,354 | INFO | Train buffer size: 1562.
2025-10-22 19:30:11,832 | INFO | [TrainBuf] locF1 is 92.6449, clfF1 is 87.6925, oaF1 is 89.1782, sub class F1 score is [99.4066 82.448  87.1537 83.6724]
2025-10-22 19:30:44,253 | INFO | iter is 6300 / 12500 [skipped    0] | loc. loss = 0.0970 ±0.0265, classif. loss = 0.1966 ±0.1785
2025-10-22 19:31:46,510 | INFO | iter is 6400 / 12500 [skipped    0] | loc. loss = 0.0934 ±0.0263, classif. loss = 0.1753 ±0.1624
2025-10-22 19:32:48,811 | INFO | iter is 6500 / 12500 [skipped    0] | loc. loss = 0.0920 ±0.0251, classif. loss = 0.1726 ±0.1721
2025-10-22 19:33:51,110 | INFO | iter is 6600 / 12500 [skipped    0] | loc. loss = 0.0898 ±0.0257, classif. loss = 0.1974 ±0.1864
2025-10-22 19:34:53,464 | INFO | iter is 6700 / 12500 [skipped    0] | loc. loss = 0.0946 ±0.0280, classif. loss = 0.2002 ±0.1782
2025-10-22 19:35:55,819 | INFO | iter is 6800 / 12500 [skipped    0] | loc. loss = 0.0904 ±0.0270, classif. loss = 0.1768 ±0.1770
2025-10-22 19:36:58,273 | INFO | iter is 6900 / 12500 [skipped    0] | loc. loss = 0.0928 ±0.0283, classif. loss = 0.1869 ±0.1849
2025-10-22 19:38:00,682 | INFO | iter is 7000 / 12500 [skipped    0] | loc. loss = 0.0953 ±0.0267, classif. loss = 0.2395 ±0.2060
2025-10-22 19:39:03,071 | INFO | iter is 7100 / 12500 [skipped    0] | loc. loss = 0.0959 ±0.0246, classif. loss = 0.1587 ±0.1639
2025-10-22 19:40:05,452 | INFO | iter is 7200 / 12500 [skipped    0] | loc. loss = 0.0909 ±0.0213, classif. loss = 0.1430 ±0.1610
2025-10-22 19:41:07,876 | INFO | iter is 7300 / 12500 [skipped    0] | loc. loss = 0.0880 ±0.0255, classif. loss = 0.1992 ±0.1853
2025-10-22 19:42:10,342 | INFO | iter is 7400 / 12500 [skipped    0] | loc. loss = 0.0924 ±0.0337, classif. loss = 0.1860 ±0.1733
2025-10-22 19:43:12,836 | INFO | iter is 7500 / 12500 [skipped    0] | loc. loss = 0.0898 ±0.0222, classif. loss = 0.1600 ±0.1618
2025-10-22 19:44:15,338 | INFO | iter is 7600 / 12500 [skipped    0] | loc. loss = 0.0868 ±0.0205, classif. loss = 0.1591 ±0.1655
2025-10-22 19:45:17,879 | INFO | iter is 7700 / 12500 [skipped    0] | loc. loss = 0.0874 ±0.0274, classif. loss = 0.1388 ±0.1553
2025-10-22 19:46:20,393 | INFO | iter is 7800 / 12500 [skipped    0] | loc. loss = 0.0896 ±0.0237, classif. loss = 0.1625 ±0.1488
2025-10-22 19:46:26,633 | INFO | ---------starting evaluation-----------
2025-10-22 19:46:27,778 | INFO | validation:    0/ 189 (2025-10-22_19-46-27)
2025-10-22 19:46:40,427 | INFO | validation:  100/ 189 (2025-10-22_19-46-40)
2025-10-22 19:46:51,996 | INFO | Confusion Matrix of Localization:
[[44055225   329621]
 [  544655  4615715]]
2025-10-22 19:46:51,996 | INFO | Confusion Matrix of Localization - Normalized:
[[0.99257357 0.00742643]
 [0.10554573 0.89445427]]
2025-10-22 19:46:51,996 | INFO | Confusion Matrix of Classification:
[[      0       0       0       0       0]
 [      0 4963899   14371   17316   12275]
 [      0   29173   12903    4977    3580]
 [      0   34738     695    8173    2306]
 [      0    8188    1598    8762   37416]]
2025-10-22 19:46:51,996 | INFO | Confusion Matrix of Classification - Normalized:
[[       nan        nan        nan        nan        nan]
 [0.         0.9912214  0.00286969 0.00345776 0.00245115]
 [0.         0.57616574 0.2548338  0.09829558 0.07070488]
 [0.         0.75662136 0.01513765 0.17801446 0.05022652]
 [0.         0.14630834 0.02855407 0.15656493 0.66857265]]
2025-10-22 19:46:51,996 | INFO | lofF1 is 91.3487, clfF1 is 36.9731, oaF1 is 53.2858, sub class F1 score is [98.8445 32.1771 19.199  67.0892]
2025-10-22 19:46:51,996 | INFO | ---------starting train set evaluation-----------
2025-10-22 19:46:51,997 | INFO | Train buffer size: 1562.
2025-10-22 19:46:58,445 | INFO | [TrainBuf] locF1 is 92.9150, clfF1 is 90.8104, oaF1 is 91.4418, sub class F1 score is [99.4928 87.3947 89.9566 87.4277]
2025-10-22 19:47:54,431 | INFO | iter is 7900 / 12500 [skipped    0] | loc. loss = 0.0880 ±0.0254, classif. loss = 0.1579 ±0.1684
2025-10-22 19:48:56,703 | INFO | iter is 8000 / 12500 [skipped    0] | loc. loss = 0.0882 ±0.0238, classif. loss = 0.1574 ±0.1620
2025-10-22 19:49:59,012 | INFO | iter is 8100 / 12500 [skipped    0] | loc. loss = 0.0944 ±0.0278, classif. loss = 0.1731 ±0.1811
2025-10-22 19:51:01,333 | INFO | iter is 8200 / 12500 [skipped    0] | loc. loss = 0.0936 ±0.0249, classif. loss = 0.1838 ±0.1690
2025-10-22 19:52:03,657 | INFO | iter is 8300 / 12500 [skipped    0] | loc. loss = 0.0846 ±0.0233, classif. loss = 0.1431 ±0.1867
2025-10-22 19:53:06,019 | INFO | iter is 8400 / 12500 [skipped    0] | loc. loss = 0.0834 ±0.0228, classif. loss = 0.1709 ±0.1594
2025-10-22 19:54:08,418 | INFO | iter is 8500 / 12500 [skipped    0] | loc. loss = 0.0862 ±0.0250, classif. loss = 0.1583 ±0.1610
2025-10-22 19:55:10,749 | INFO | iter is 8600 / 12500 [skipped    0] | loc. loss = 0.0838 ±0.0225, classif. loss = 0.1435 ±0.1668
2025-10-22 19:56:13,176 | INFO | iter is 8700 / 12500 [skipped    0] | loc. loss = 0.0853 ±0.0224, classif. loss = 0.1455 ±0.1555
2025-10-22 19:57:15,566 | INFO | iter is 8800 / 12500 [skipped    0] | loc. loss = 0.0866 ±0.0259, classif. loss = 0.1302 ±0.1350
2025-10-22 19:58:18,016 | INFO | iter is 8900 / 12500 [skipped    0] | loc. loss = 0.0813 ±0.0217, classif. loss = 0.1648 ±0.1801
2025-10-22 19:59:20,510 | INFO | iter is 9000 / 12500 [skipped    0] | loc. loss = 0.0846 ±0.0212, classif. loss = 0.1588 ±0.1667
2025-10-22 20:00:22,996 | INFO | iter is 9100 / 12500 [skipped    0] | loc. loss = 0.0834 ±0.0226, classif. loss = 0.1455 ±0.1519
2025-10-22 20:01:25,433 | INFO | iter is 9200 / 12500 [skipped    0] | loc. loss = 0.0902 ±0.0239, classif. loss = 0.1882 ±0.1782
2025-10-22 20:02:27,942 | INFO | iter is 9300 / 12500 [skipped    0] | loc. loss = 0.0866 ±0.0240, classif. loss = 0.1642 ±0.1752
2025-10-22 20:03:12,966 | INFO | ---------starting evaluation-----------
2025-10-22 20:03:14,126 | INFO | validation:    0/ 189 (2025-10-22_20-03-14)
2025-10-22 20:03:26,761 | INFO | validation:  100/ 189 (2025-10-22_20-03-26)
2025-10-22 20:03:38,261 | INFO | Confusion Matrix of Localization:
[[43994416   390430]
 [  428643  4731727]]
2025-10-22 20:03:38,262 | INFO | Confusion Matrix of Localization - Normalized:
[[0.99120353 0.00879647]
 [0.08306439 0.91693561]]
2025-10-22 20:03:38,262 | INFO | Confusion Matrix of Classification:
[[      0       0       0       0       0]
 [      0 4988595    6913    8336    4017]
 [      0   39096    6760    4751      26]
 [      0   33317    2162    8118    2315]
 [      0   10310    1629    6082   37943]]
2025-10-22 20:03:38,262 | INFO | Confusion Matrix of Classification - Normalized:
[[           nan            nan            nan            nan
             nan]
 [0.00000000e+00 9.96152848e-01 1.38042969e-03 1.66458294e-03
  8.02138877e-04]
 [0.00000000e+00 7.72144649e-01 1.33509766e-01 9.38320858e-02
  5.13499101e-04]
 [0.00000000e+00 7.25670849e-01 4.70900854e-02 1.76816519e-01
  5.04225475e-02]
 [0.00000000e+00 1.84225574e-01 2.91079980e-02 1.08677007e-01
  6.77989422e-01]]
2025-10-22 20:03:38,262 | INFO | lofF1 is 92.0343, clfF1 is 33.6794, oaF1 is 51.1859, sub class F1 score is [98.9881 19.854  22.1806 75.6854]
2025-10-22 20:03:38,262 | INFO | ---------starting train set evaluation-----------
2025-10-22 20:03:38,263 | INFO | Train buffer size: 1562.
2025-10-22 20:03:44,730 | INFO | [TrainBuf] locF1 is 93.3527, clfF1 is 92.9247, oaF1 is 93.0531, sub class F1 score is [99.6247 90.095  91.2063 91.3708]
2025-10-22 20:04:02,168 | INFO | iter is 9400 / 12500 [skipped    0] | loc. loss = 0.0839 ±0.0235, classif. loss = 0.1314 ±0.1702
2025-10-22 20:05:04,445 | INFO | iter is 9500 / 12500 [skipped    0] | loc. loss = 0.0843 ±0.0247, classif. loss = 0.1458 ±0.1689
2025-10-22 20:06:06,732 | INFO | iter is 9600 / 12500 [skipped    0] | loc. loss = 0.0809 ±0.0219, classif. loss = 0.1315 ±0.1578
2025-10-22 20:07:09,121 | INFO | iter is 9700 / 12500 [skipped    0] | loc. loss = 0.0817 ±0.0196, classif. loss = 0.1635 ±0.1671
2025-10-22 20:08:11,455 | INFO | iter is 9800 / 12500 [skipped    0] | loc. loss = 0.0802 ±0.0244, classif. loss = 0.1419 ±0.1489
2025-10-22 20:09:13,832 | INFO | iter is 9900 / 12500 [skipped    0] | loc. loss = 0.0900 ±0.0232, classif. loss = 0.1541 ±0.1506
2025-10-22 20:10:16,239 | INFO | iter is 10000 / 12500 [skipped    0] | loc. loss = 0.0859 ±0.0249, classif. loss = 0.1448 ±0.1440
2025-10-22 20:11:18,646 | INFO | iter is 10100 / 12500 [skipped    0] | loc. loss = 0.0795 ±0.0248, classif. loss = 0.1376 ±0.1540
2025-10-22 20:12:21,032 | INFO | iter is 10200 / 12500 [skipped    0] | loc. loss = 0.0796 ±0.0214, classif. loss = 0.1492 ±0.1642
2025-10-22 20:13:23,471 | INFO | iter is 10300 / 12500 [skipped    0] | loc. loss = 0.0821 ±0.0215, classif. loss = 0.1558 ±0.1642
2025-10-22 20:14:25,888 | INFO | iter is 10400 / 12500 [skipped    0] | loc. loss = 0.0758 ±0.0217, classif. loss = 0.1505 ±0.1448
2025-10-22 20:15:28,343 | INFO | iter is 10500 / 12500 [skipped    0] | loc. loss = 0.0841 ±0.0220, classif. loss = 0.1557 ±0.1559
2025-10-22 20:16:30,834 | INFO | iter is 10600 / 12500 [skipped    0] | loc. loss = 0.0821 ±0.0228, classif. loss = 0.1510 ±0.1485
2025-10-22 20:17:33,306 | INFO | iter is 10700 / 12500 [skipped    0] | loc. loss = 0.0825 ±0.0232, classif. loss = 0.1439 ±0.1516
2025-10-22 20:18:35,823 | INFO | iter is 10800 / 12500 [skipped    0] | loc. loss = 0.0815 ±0.0223, classif. loss = 0.1091 ±0.1358
2025-10-22 20:19:38,339 | INFO | iter is 10900 / 12500 [skipped    0] | loc. loss = 0.0800 ±0.0206, classif. loss = 0.1297 ±0.1576
2025-10-22 20:19:59,572 | INFO | ---------starting evaluation-----------
2025-10-22 20:20:00,741 | INFO | validation:    0/ 189 (2025-10-22_20-20-00)
2025-10-22 20:20:13,363 | INFO | validation:  100/ 189 (2025-10-22_20-20-13)
2025-10-22 20:20:24,903 | INFO | Confusion Matrix of Localization:
[[44097199   287647]
 [  577233  4583137]]
2025-10-22 20:20:24,903 | INFO | Confusion Matrix of Localization - Normalized:
[[0.99351925 0.00648075]
 [0.11185884 0.88814116]]
2025-10-22 20:20:24,903 | INFO | Confusion Matrix of Classification:
[[      0       0       0       0       0]
 [      0 4993067    7496    1864    5434]
 [      0   36157   14294       6     176]
 [      0   34859    4552    4100    2401]
 [      0   13432    2286   10872   29374]]
2025-10-22 20:20:24,903 | INFO | Confusion Matrix of Classification - Normalized:
[[           nan            nan            nan            nan
             nan]
 [0.00000000e+00 9.97045845e-01 1.49684666e-03 3.72214804e-04
  1.08509402e-03]
 [0.00000000e+00 7.14099500e-01 2.82306006e-01 1.18499793e-04
  3.47599392e-03]
 [0.00000000e+00 7.59256839e-01 9.91461927e-02 8.93012720e-02
  5.22956961e-02]
 [0.00000000e+00 2.40011436e-01 4.08476878e-02 1.94267744e-01
  5.24873133e-01]]
2025-10-22 20:20:24,904 | INFO | lofF1 is 91.3781, clfF1 is 30.7117, oaF1 is 48.9116, sub class F1 score is [99.016  36.0682 13.0669 62.9337]
2025-10-22 20:20:24,904 | INFO | ---------starting train set evaluation-----------
2025-10-22 20:20:24,904 | INFO | Train buffer size: 1562.
2025-10-22 20:20:31,406 | INFO | [TrainBuf] locF1 is 93.6632, clfF1 is 94.1010, oaF1 is 93.9696, sub class F1 score is [99.6597 91.6782 94.4193 91.1194]
2025-10-22 20:21:12,493 | INFO | iter is 11000 / 12500 [skipped    0] | loc. loss = 0.0809 ±0.0264, classif. loss = 0.1617 ±0.1581
2025-10-22 20:22:14,787 | INFO | iter is 11100 / 12500 [skipped    0] | loc. loss = 0.0812 ±0.0215, classif. loss = 0.1477 ±0.1577
2025-10-22 20:23:17,051 | INFO | iter is 11200 / 12500 [skipped    0] | loc. loss = 0.0839 ±0.0202, classif. loss = 0.1221 ±0.1479
2025-10-22 20:24:19,406 | INFO | iter is 11300 / 12500 [skipped    0] | loc. loss = 0.0812 ±0.0238, classif. loss = 0.1342 ±0.1414
2025-10-22 20:25:21,706 | INFO | iter is 11400 / 12500 [skipped    0] | loc. loss = 0.0813 ±0.0227, classif. loss = 0.1538 ±0.1689
2025-10-22 20:26:24,068 | INFO | iter is 11500 / 12500 [skipped    0] | loc. loss = 0.0743 ±0.0208, classif. loss = 0.1789 ±0.2060
2025-10-22 20:27:26,386 | INFO | iter is 11600 / 12500 [skipped    0] | loc. loss = 0.0866 ±0.0235, classif. loss = 0.1687 ±0.1609
2025-10-22 20:28:28,768 | INFO | iter is 11700 / 12500 [skipped    0] | loc. loss = 0.0819 ±0.0244, classif. loss = 0.1261 ±0.1693
2025-10-22 20:29:31,132 | INFO | iter is 11800 / 12500 [skipped    0] | loc. loss = 0.0794 ±0.0246, classif. loss = 0.1542 ±0.1709
2025-10-22 20:30:33,573 | INFO | iter is 11900 / 12500 [skipped    0] | loc. loss = 0.0802 ±0.0235, classif. loss = 0.2037 ±0.2582
2025-10-22 20:31:35,988 | INFO | iter is 12000 / 12500 [skipped    0] | loc. loss = 0.0842 ±0.0234, classif. loss = 0.1530 ±0.1694
2025-10-22 20:32:38,448 | INFO | iter is 12100 / 12500 [skipped    0] | loc. loss = 0.0745 ±0.0194, classif. loss = 0.1283 ±0.1699
2025-10-22 20:33:40,865 | INFO | iter is 12200 / 12500 [skipped    0] | loc. loss = 0.0793 ±0.0225, classif. loss = 0.1314 ±0.1446
2025-10-22 20:34:43,368 | INFO | iter is 12300 / 12500 [skipped    0] | loc. loss = 0.0802 ±0.0219, classif. loss = 0.1463 ±0.1876
2025-10-22 20:35:45,788 | INFO | iter is 12400 / 12500 [skipped    0] | loc. loss = 0.0772 ±0.0225, classif. loss = 0.1361 ±0.1776
2025-10-22 20:36:45,756 | INFO | ---------starting evaluation-----------
2025-10-22 20:36:46,933 | INFO | validation:    0/ 189 (2025-10-22_20-36-46)
2025-10-22 20:36:59,555 | INFO | validation:  100/ 189 (2025-10-22_20-36-59)
2025-10-22 20:37:11,158 | INFO | Confusion Matrix of Localization:
[[44060431   324415]
 [  509943  4650427]]
2025-10-22 20:37:11,158 | INFO | Confusion Matrix of Localization - Normalized:
[[0.99269086 0.00730914]
 [0.09881908 0.90118092]]
2025-10-22 20:37:11,158 | INFO | Confusion Matrix of Classification:
[[      0       0       0       0       0]
 [     66 4940910   32092    6742   28051]
 [      0   30552   13256    1040    5785]
 [      0   31748    6359    4368    3437]
 [      0    9472    5801     820   39871]]
2025-10-22 20:37:11,158 | INFO | Confusion Matrix of Classification - Normalized:
[[           nan            nan            nan            nan
             nan]
 [1.31792795e-05 9.86630819e-01 6.40832483e-03 1.34628337e-03
  5.60139349e-03]
 [0.00000000e+00 6.03400944e-01 2.61805542e-01 2.05399641e-02
  1.14253550e-01]
 [0.00000000e+00 6.91496776e-01 1.38504095e-01 9.51385259e-02
  7.48606029e-02]
 [0.00000000e+00 1.69251662e-01 1.03655922e-01 1.46522765e-02
  7.12440140e-01]]
2025-10-22 20:37:11,158 | INFO | lofF1 is 91.7677, clfF1 is 29.6244, oaF1 is 48.2674, sub class F1 score is [98.6156 24.5161 14.8364 59.9077]
2025-10-22 20:37:11,159 | INFO | ---------starting train set evaluation-----------
2025-10-22 20:37:11,159 | INFO | Train buffer size: 1562.
2025-10-22 20:37:17,682 | INFO | [TrainBuf] locF1 is 93.8382, clfF1 is 93.0602, oaF1 is 93.2936, sub class F1 score is [99.6365 88.7716 93.2726 91.2383]
2025-10-22 20:37:20,205 | INFO | iter is 12500 / 12500 [skipped    0] | loc. loss = 0.0786 ±0.0237, classif. loss = 0.1182 ±0.1609
2025-10-22 20:37:20,205 | INFO | -----------Training is completed-----------
2025-10-22 20:37:20,461 | INFO | Model saved in: /mnt/storage1/alpgenc/change_detection/ChangeMamba_AG/changedetection/deneme_saved_models/tr2025-10-22_18-03-29_MambaBDA_Base_EarthquakeTurkey/model_step12500_last.pth
2025-10-22 20:37:20,461 | INFO | !! Total Skipped: 0 (0.00%)
2025-10-22 20:37:20,462 | INFO | ---------starting evaluation-----------
2025-10-22 20:37:21,587 | INFO | validation:    0/ 189 (2025-10-22_20-37-21)
2025-10-22 20:37:34,202 | INFO | validation:  100/ 189 (2025-10-22_20-37-34)
2025-10-22 20:37:45,684 | INFO | Confusion Matrix of Localization:
[[44065180   319666]
 [  515448  4644922]]
2025-10-22 20:37:45,684 | INFO | Confusion Matrix of Localization - Normalized:
[[0.99279786 0.00720214]
 [0.09988586 0.90011414]]
2025-10-22 20:37:45,684 | INFO | Confusion Matrix of Classification:
[[      0       0       0       0       0]
 [    126 4947955   32849    5939   20992]
 [      0   30749   13636     966    5282]
 [      0   31503    6886    4237    3286]
 [      0    9854    6066    1030   39014]]
2025-10-22 20:37:45,685 | INFO | Confusion Matrix of Classification - Normalized:
[[           nan            nan            nan            nan
             nan]
 [2.51604428e-05 9.88037607e-01 6.55948717e-03 1.18593547e-03
  4.19180964e-03]
 [0.00000000e+00 6.07291687e-01 2.69310529e-01 1.90784666e-02
  1.04319317e-01]
 [0.00000000e+00 6.86160481e-01 1.49982575e-01 9.22852413e-02
  7.15717024e-02]
 [0.00000000e+00 1.76077478e-01 1.08391109e-01 1.84046887e-02
  6.97126724e-01]]
2025-10-22 20:37:45,685 | INFO | lofF1 is 91.7519, clfF1 is 29.6301, oaF1 is 48.2666, sub class F1 score is [98.6836 24.777  14.5892 62.654 ]
2025-10-22 20:37:45,685 | INFO | loc_f1_score=91.7519, harmonic_mean_f1=29.6301, oaf1=48.2666, damage_f1_score=array([98.6836, 24.777 , 14.5892, 62.654 ])
2025-10-22 20:37:45,708 | INFO | Removed non-best model: /mnt/storage1/alpgenc/change_detection/ChangeMamba_AG/changedetection/deneme_saved_models/tr2025-10-22_18-03-29_MambaBDA_Base_EarthquakeTurkey/model_step3124.pth
2025-10-22 20:37:45,730 | INFO | Removed non-best model: /mnt/storage1/alpgenc/change_detection/ChangeMamba_AG/changedetection/deneme_saved_models/tr2025-10-22_18-03-29_MambaBDA_Base_EarthquakeTurkey/model_step1562.pth
2025-10-22 20:37:45,730 | INFO | Best model kept: /mnt/storage1/alpgenc/change_detection/ChangeMamba_AG/changedetection/deneme_saved_models/tr2025-10-22_18-03-29_MambaBDA_Base_EarthquakeTurkey/model_step4686_best.pth
2025-10-22 20:37:45,730 | INFO | ---------starting train set evaluation-----------
2025-10-22 20:37:45,730 | INFO | Train buffer size: 4.
2025-10-22 20:37:45,748 | INFO | [TrainBuf] locF1 is 94.7159, clfF1 is 0.0000, oaF1 is 28.4148, sub class F1 score is [99.7952  0.     91.5503 98.7993]
2025-10-22 20:37:45,750 | INFO | Validation Results:
2025-10-22 20:37:45,750 | INFO | [TEST ] Step  1562: (89.6669, 32.3502, 49.5452, array([98.8569, 34.4946, 15.2798, 52.3686]))
2025-10-22 20:37:45,750 | INFO | [TRAIN] Step  1562: (86.1902, 49.1529, 60.2641, array([98.0051, 32.8199, 50.3991, 47.9289]))

2025-10-22 20:37:45,750 | INFO | [TEST ] Step  3124: (90.5572, 35.6608, 52.1297, array([98.931 , 29.3273, 18.2737, 75.5361]))
2025-10-22 20:37:45,750 | INFO | [TRAIN] Step  3124: (90.9776, 77.7807, 81.7398, array([98.9705, 67.8969, 74.381 , 76.0452]))

2025-10-22 20:37:45,750 | INFO | [TEST ] Step  4686: (91.6305, 39.3223, 55.0147, array([99.0644, 33.2415, 21.8195, 63.6306]))
2025-10-22 20:37:45,750 | INFO | [TRAIN] Step  4686: (92.0397, 85.7344, 87.626, array([99.317 , 78.6167, 84.494 , 83.1128]))

2025-10-22 20:37:45,750 | INFO | [TEST ] Step  6248: (91.2864, 39.0447, 54.7172, array([98.681 , 31.0265, 22.6157, 63.031 ]))
2025-10-22 20:37:45,750 | INFO | [TRAIN] Step  6248: (92.6449, 87.6925, 89.1782, array([99.4066, 82.448 , 87.1537, 83.6724]))

2025-10-22 20:37:45,750 | INFO | [TEST ] Step  7810: (91.3487, 36.9731, 53.2858, array([98.8445, 32.1771, 19.199 , 67.0892]))
2025-10-22 20:37:45,750 | INFO | [TRAIN] Step  7810: (92.915, 90.8104, 91.4418, array([99.4928, 87.3947, 89.9566, 87.4277]))

2025-10-22 20:37:45,750 | INFO | [TEST ] Step  9372: (92.0343, 33.6794, 51.1859, array([98.9881, 19.854 , 22.1806, 75.6854]))
2025-10-22 20:37:45,751 | INFO | [TRAIN] Step  9372: (93.3527, 92.9247, 93.0531, array([99.6247, 90.095 , 91.2063, 91.3708]))

2025-10-22 20:37:45,751 | INFO | [TEST ] Step 10934: (91.3781, 30.7117, 48.9116, array([99.016 , 36.0682, 13.0669, 62.9337]))
2025-10-22 20:37:45,751 | INFO | [TRAIN] Step 10934: (93.6632, 94.101, 93.9696, array([99.6597, 91.6782, 94.4193, 91.1194]))

2025-10-22 20:37:45,751 | INFO | [TEST ] Step 12496: (91.7677, 29.6244, 48.2674, array([98.6156, 24.5161, 14.8364, 59.9077]))
2025-10-22 20:37:45,751 | INFO | [TRAIN] Step 12496: (93.8382, 93.0602, 93.2936, array([99.6365, 88.7716, 93.2726, 91.2383]))

2025-10-22 20:37:45,751 | INFO | [TEST ] Step    -1: (91.7519, 29.6301, 48.2666, array([98.6836, 24.777 , 14.5892, 62.654 ]))
2025-10-22 20:37:45,751 | INFO | [TRAIN] Step    -1: (94.7159, 0.0, 28.4148, array([99.7952,  0.    , 91.5503, 98.7993]))

2025-10-22 20:37:45,751 | INFO | The accuracy of the best round is: [91.6305, 39.3223, 55.0147, array([99.0644, 33.2415, 21.8195, 63.6306])]
2025-10-22 20:37:45,773 | INFO | MAIN - DONE.
2025-10-22 20:37:45,774 | INFO | MAIN - EXIT.
