2025-10-22 20:43:06,722 | INFO | MAIN - START
2025-10-22 20:43:06,722 | INFO |  > FOCAL LOSS set to False
2025-10-22 20:43:06,722 | INFO |  > ALINGNMENT set to True
2025-10-22 20:43:06,722 | INFO |  > ATTENTION GATE set to -> Building: False, Damage : False
2025-10-22 20:43:06,722 | INFO |  > TEMPORAL ATTENTION GATE set to -> False
2025-10-22 20:43:06,722 | INFO | Command Line Args:
{
    "cfg": "/mnt/storage1/alpgenc/change_detection/ChangeMamba_AG/changedetection/configs/vssm1/vssm_base_224.yaml",
    "opts": null,
    "pretrained_weight_path": "/mnt/storage1/alpgenc/change_detection/ChangeMamba_AG/pretrained_weight/vssm_base_0229_ckpt_epoch_237.pth",
    "dataset": "EarthquakeTurkey",
    "type": "train",
    "train_dataset_path": "/mnt/storage1/alpgenc/change_detection/datasets/earthquake_turkey/earthquake-turkey",
    "train_data_list_path": "/mnt/storage1/alpgenc/change_detection/datasets/earthquake_turkey/earthquake-turkey/train_list.txt",
    "test_dataset_path": "/mnt/storage1/alpgenc/change_detection/datasets/earthquake_turkey/earthquake-turkey",
    "test_data_list_path": "/mnt/storage1/alpgenc/change_detection/datasets/earthquake_turkey/earthquake-turkey/test_list.txt",
    "shuffle": true,
    "batch_size": 8,
    "crop_size": 256,
    "start_iter": 0,
    "cuda": true,
    "max_iters": 50000,
    "model_type": "MambaBDA_Base",
    "model_param_path": "/mnt/storage1/alpgenc/change_detection/ChangeMamba_AG/changedetection/deneme_saved_models/tr2025-10-22_20-43-05_MambaBDA_Base_EarthquakeTurkey_ALIGN",
    "resume": null,
    "learning_rate": 0.0001,
    "momentum": 0.9,
    "weight_decay": 0.005,
    "logfile": "/mnt/storage1/alpgenc/change_detection/ChangeMamba_AG/LOGLAR_CMAG/train_EarthquakeTurkey/train_2025-10-22_20-43-05_MambaBDA_Base_EarthquakeTurkey_ALIGN.log",
    "extension": "png",
    "focal_loss": false,
    "enable_alignment": true,
    "enable_attn_gate_building": false,
    "enable_attn_gate_damage": false,
    "deterministic": false,
    "validations": 8,
    "measure_train_scores": true,
    "enable_temporal_attn_gate_damage": false
}
2025-10-22 20:43:06,722 | INFO | Starting in RANDOM mode / not deterministic.
2025-10-22 20:43:06,725 | INFO |  > TRAIN EVALUATION params: TRAIN_BUF_MAXLEN = 8000
2025-10-22 20:43:06,725 | INFO |  > ALIGNMENT params: alignment_args = AlignmentArgs(enabled=True, stages=(1, 2), mid_ch=64)
2025-10-22 20:43:06,725 | INFO |  > ATTENTION GATE params: attn_gate_args = AttentionGateArgs(enable_building_ag=False, enable_damage_ag=False, enable_temporal_damage_ag=False)
2025-10-22 20:43:06,725 | INFO | ChangeMambaBDA class
2025-10-22 20:43:07,943 | INFO | ================================================================================
2025-10-22 20:43:07,943 | INFO | Model Parameters: Total=95,678,603(95.68M), Trainable=95,678,603(95.68M)
2025-10-22 20:43:07,943 | INFO | Breakdown by component:
2025-10-22 20:43:07,943 | INFO |   Component                               Params       %       Trainable
2025-10-22 20:43:07,943 | INFO | --------------------------------------------------------------------------------
2025-10-22 20:43:07,944 | INFO |   encoder                             87,534,592  91.49%      87,534,592
2025-10-22 20:43:07,944 | INFO |   decoder_damage                       4,865,024   5.08%       4,865,024
2025-10-22 20:43:07,944 | INFO |   decoder_building                     2,317,056   2.42%       2,317,056
2025-10-22 20:43:07,944 | INFO |   main_clf                                   645   0.00%             645
2025-10-22 20:43:07,944 | INFO |   aux_clf                                    258   0.00%             258
2025-10-22 20:43:07,944 | INFO |   align_heads                            961,028   1.00%         961,028
2025-10-22 20:43:07,944 | INFO | --------------------------------------------------------------------------------
2025-10-22 20:43:07,944 | INFO | Breakdown by module type:
2025-10-22 20:43:07,945 | INFO |   Alignment Modules:              961,028 (  1.00%)
2025-10-22 20:43:07,945 | INFO | ================================================================================
2025-10-22 20:43:07,945 | INFO | ---------starting training-----------
2025-10-22 20:43:08,002 | INFO | VAL_STEP=781, (number_of_validations = 8)
2025-10-22 20:44:11,041 | INFO | iter is 100 / 6250 [skipped    0] | loc. loss = 0.3495 ±0.1681, classif. loss = 0.6833 ±0.5779
2025-10-22 20:45:13,412 | INFO | iter is 200 / 6250 [skipped    0] | loc. loss = 0.2240 ±0.0575, classif. loss = 0.5340 ±0.4399
2025-10-22 20:46:15,842 | INFO | iter is 300 / 6250 [skipped    0] | loc. loss = 0.2088 ±0.0532, classif. loss = 0.4936 ±0.4567
2025-10-22 20:47:18,331 | INFO | iter is 400 / 6250 [skipped    0] | loc. loss = 0.1829 ±0.0426, classif. loss = 0.4915 ±0.4697
2025-10-22 20:48:20,881 | INFO | iter is 500 / 6250 [skipped    0] | loc. loss = 0.1695 ±0.0448, classif. loss = 0.4484 ±0.3577
2025-10-22 20:49:23,424 | INFO | iter is 600 / 6250 [skipped    0] | loc. loss = 0.1660 ±0.0417, classif. loss = 0.4685 ±0.3666
2025-10-22 20:50:25,976 | INFO | iter is 700 / 6250 [skipped    0] | loc. loss = 0.1566 ±0.0390, classif. loss = 0.3573 ±0.3226
2025-10-22 20:51:16,702 | INFO | ---------starting evaluation-----------
2025-10-22 20:51:17,423 | INFO | validation:    0/ 189 (2025-10-22_20-51-17)
2025-10-22 20:51:30,019 | INFO | validation:  100/ 189 (2025-10-22_20-51-30)
2025-10-22 20:51:41,335 | INFO | Confusion Matrix of Localization:
[[43957500   427346]
 [  796484  4363886]]
2025-10-22 20:51:41,335 | INFO | Confusion Matrix of Localization - Normalized:
[[0.9903718 0.0096282]
 [0.1543463 0.8456537]]
2025-10-22 20:51:41,335 | INFO | Confusion Matrix of Classification:
[[      0       0       0       0       0]
 [    119 4959148   11326   26677   10591]
 [      0   39626    1462    7590    1955]
 [      0   27533     333   16911    1135]
 [      0    9115     748   13759   32342]]
2025-10-22 20:51:41,335 | INFO | Confusion Matrix of Classification - Normalized:
[[           nan            nan            nan            nan
             nan]
 [2.37626404e-05 9.90272693e-01 2.26164424e-03 5.32702485e-03
  2.11487499e-03]
 [0.00000000e+00 7.82612130e-01 2.88744495e-02 1.49902238e-01
  3.86111824e-02]
 [0.00000000e+00 5.99690713e-01 7.25300575e-03 3.68335076e-01
  2.47212058e-02]
 [0.00000000e+00 1.62872561e-01 1.33657351e-02 2.45854478e-01
  5.77907226e-01]]
2025-10-22 20:51:41,335 | INFO | lofF1 is 87.7022, clfF1 is 14.3234, oaF1 is 36.3371, sub class F1 score is [98.7555  4.5332 30.5118 63.4238]
2025-10-22 20:51:41,599 | INFO | Model saved in: /mnt/storage1/alpgenc/change_detection/ChangeMamba_AG/changedetection/deneme_saved_models/tr2025-10-22_20-43-05_MambaBDA_Base_EarthquakeTurkey_ALIGN/model_step781.pth
2025-10-22 20:51:41,599 | INFO | ---------starting train set evaluation-----------
2025-10-22 20:51:41,599 | INFO | Train buffer size: 781.
2025-10-22 20:51:44,894 | INFO | [TrainBuf] locF1 is 82.2927, clfF1 is 31.5170, oaF1 is 46.7497, sub class F1 score is [97.3848 15.2288 40.0084 38.4799]
2025-10-22 20:51:56,775 | INFO | iter is 800 / 6250 [skipped    0] | loc. loss = 0.1515 ±0.0395, classif. loss = 0.4902 ±0.4063
2025-10-22 20:52:59,248 | INFO | iter is 900 / 6250 [skipped    0] | loc. loss = 0.1414 ±0.0388, classif. loss = 0.3592 ±0.2834
2025-10-22 20:54:01,719 | INFO | iter is 1000 / 6250 [skipped    0] | loc. loss = 0.1389 ±0.0319, classif. loss = 0.3873 ±0.2467
2025-10-22 20:55:04,236 | INFO | iter is 1100 / 6250 [skipped    0] | loc. loss = 0.1375 ±0.0359, classif. loss = 0.3684 ±0.3260
2025-10-22 20:56:06,700 | INFO | iter is 1200 / 6250 [skipped    0] | loc. loss = 0.1296 ±0.0315, classif. loss = 0.3418 ±0.3650
2025-10-22 20:57:09,236 | INFO | iter is 1300 / 6250 [skipped    0] | loc. loss = 0.1359 ±0.0349, classif. loss = 0.3380 ±0.3060
2025-10-22 20:58:11,769 | INFO | iter is 1400 / 6250 [skipped    0] | loc. loss = 0.1352 ±0.0335, classif. loss = 0.3401 ±0.2889
2025-10-22 20:59:14,380 | INFO | iter is 1500 / 6250 [skipped    0] | loc. loss = 0.1261 ±0.0291, classif. loss = 0.2980 ±0.2497
2025-10-22 20:59:53,185 | INFO | ---------starting evaluation-----------
2025-10-22 20:59:53,959 | INFO | validation:    0/ 189 (2025-10-22_20-59-53)
2025-10-22 21:00:06,586 | INFO | validation:  100/ 189 (2025-10-22_21-00-06)
2025-10-22 21:00:17,967 | INFO | Confusion Matrix of Localization:
[[43917796   467050]
 [  607553  4552817]]
2025-10-22 21:00:17,968 | INFO | Confusion Matrix of Localization - Normalized:
[[0.98947726 0.01052274]
 [0.11773439 0.88226561]]
2025-10-22 21:00:17,968 | INFO | Confusion Matrix of Classification:
[[      0       0       0       0       0]
 [     44 4983971   14570    4215    5061]
 [      0   38206    7565    3898     964]
 [      0   30641    8758    3702    2811]
 [      0   13900    2637   10891   28536]]
2025-10-22 21:00:17,968 | INFO | Confusion Matrix of Classification - Normalized:
[[           nan            nan            nan            nan
             nan]
 [8.78618636e-06 9.95229500e-01 2.90942580e-03 8.41676716e-04
  1.01061112e-03]
 [0.00000000e+00 7.54567180e-01 1.49408489e-01 7.69853653e-02
  1.90389667e-02]
 [0.00000000e+00 6.67385433e-01 1.90756229e-01 8.06325144e-02
  6.12258233e-02]
 [0.00000000e+00 2.48373955e-01 4.71195769e-02 1.94607248e-01
  5.09899221e-01]]
2025-10-22 21:00:17,968 | INFO | lofF1 is 89.4442, clfF1 is 22.8879, oaF1 is 42.8548, sub class F1 score is [98.9415 17.977  10.7902 61.1468]
2025-10-22 21:00:18,289 | INFO | Model saved in: /mnt/storage1/alpgenc/change_detection/ChangeMamba_AG/changedetection/deneme_saved_models/tr2025-10-22_20-43-05_MambaBDA_Base_EarthquakeTurkey_ALIGN/model_step1562.pth
2025-10-22 21:00:18,290 | INFO | ---------starting train set evaluation-----------
2025-10-22 21:00:18,290 | INFO | Train buffer size: 781.
2025-10-22 21:00:21,572 | INFO | [TrainBuf] locF1 is 89.1104, clfF1 is 60.3776, oaF1 is 68.9974, sub class F1 score is [98.5958 49.9775 58.8273 52.3577]
2025-10-22 21:00:45,333 | INFO | iter is 1600 / 6250 [skipped    0] | loc. loss = 0.1307 ±0.0335, classif. loss = 0.3461 ±0.2671
2025-10-22 21:01:47,830 | INFO | iter is 1700 / 6250 [skipped    0] | loc. loss = 0.1352 ±0.0383, classif. loss = 0.3320 ±0.2601
2025-10-22 21:02:50,347 | INFO | iter is 1800 / 6250 [skipped    0] | loc. loss = 0.1276 ±0.0348, classif. loss = 0.3048 ±0.2590
2025-10-22 21:03:52,847 | INFO | iter is 1900 / 6250 [skipped    0] | loc. loss = 0.1195 ±0.0329, classif. loss = 0.3123 ±0.2682
2025-10-22 21:04:55,406 | INFO | iter is 2000 / 6250 [skipped    0] | loc. loss = 0.1124 ±0.0285, classif. loss = 0.3311 ±0.2584
2025-10-22 21:05:57,964 | INFO | iter is 2100 / 6250 [skipped    0] | loc. loss = 0.1181 ±0.0295, classif. loss = 0.3100 ±0.2818
2025-10-22 21:07:00,565 | INFO | iter is 2200 / 6250 [skipped    0] | loc. loss = 0.1130 ±0.0279, classif. loss = 0.3007 ±0.2769
2025-10-22 21:08:03,196 | INFO | iter is 2300 / 6250 [skipped    0] | loc. loss = 0.1176 ±0.0308, classif. loss = 0.2849 ±0.2079
2025-10-22 21:08:30,104 | INFO | ---------starting evaluation-----------
2025-10-22 21:08:30,899 | INFO | validation:    0/ 189 (2025-10-22_21-08-30)
2025-10-22 21:08:43,581 | INFO | validation:  100/ 189 (2025-10-22_21-08-43)
2025-10-22 21:08:55,001 | INFO | Confusion Matrix of Localization:
[[44025351   359495]
 [  641737  4518633]]
2025-10-22 21:08:55,001 | INFO | Confusion Matrix of Localization - Normalized:
[[0.9919005  0.0080995 ]
 [0.12435872 0.87564128]]
2025-10-22 21:08:55,001 | INFO | Confusion Matrix of Classification:
[[      0       0       0       0       0]
 [      7 4934872   37268   13662   22052]
 [      0   27067   15507    4478    3581]
 [      0   28771    4799    9896    2446]
 [      0    6445    2477    5372   41670]]
2025-10-22 21:08:55,002 | INFO | Confusion Matrix of Classification - Normalized:
[[           nan            nan            nan            nan
             nan]
 [1.39780238e-06 9.85425115e-01 7.44189985e-03 2.72811086e-03
  4.40347685e-03]
 [0.00000000e+00 5.34572314e-01 3.06262714e-01 8.84403452e-02
  7.07246262e-02]
 [0.00000000e+00 6.26655341e-01 1.04526050e-01 2.15542777e-01
  5.32758320e-02]
 [0.00000000e+00 1.15163319e-01 4.42605961e-02 9.59902795e-02
  7.44585805e-01]]
2025-10-22 21:08:55,002 | INFO | lofF1 is 90.0261, clfF1 is 39.6092, oaF1 is 54.7343, sub class F1 score is [98.648  28.0203 24.9521 66.2939]
2025-10-22 21:08:55,257 | INFO | Model saved in: /mnt/storage1/alpgenc/change_detection/ChangeMamba_AG/changedetection/deneme_saved_models/tr2025-10-22_20-43-05_MambaBDA_Base_EarthquakeTurkey_ALIGN/model_step2343.pth
2025-10-22 21:08:55,258 | INFO | ---------starting train set evaluation-----------
2025-10-22 21:08:55,258 | INFO | Train buffer size: 781.
2025-10-22 21:08:58,521 | INFO | [TrainBuf] locF1 is 90.5548, clfF1 is 72.3009, oaF1 is 77.7771, sub class F1 score is [98.8396 64.7863 67.6397 66.7228]
2025-10-22 21:09:34,199 | INFO | iter is 2400 / 6250 [skipped    0] | loc. loss = 0.1139 ±0.0300, classif. loss = 0.2644 ±0.2379
2025-10-22 21:10:36,678 | INFO | iter is 2500 / 6250 [skipped    0] | loc. loss = 0.1097 ±0.0302, classif. loss = 0.2286 ±0.2435
2025-10-22 21:11:39,203 | INFO | iter is 2600 / 6250 [skipped    0] | loc. loss = 0.1087 ±0.0307, classif. loss = 0.2432 ±0.2273
2025-10-22 21:12:41,687 | INFO | iter is 2700 / 6250 [skipped    0] | loc. loss = 0.1088 ±0.0290, classif. loss = 0.2703 ±0.2227
2025-10-22 21:13:44,231 | INFO | iter is 2800 / 6250 [skipped    0] | loc. loss = 0.1071 ±0.0304, classif. loss = 0.2632 ±0.2302
2025-10-22 21:14:46,846 | INFO | iter is 2900 / 6250 [skipped    0] | loc. loss = 0.1085 ±0.0298, classif. loss = 0.2542 ±0.2311
2025-10-22 21:15:49,443 | INFO | iter is 3000 / 6250 [skipped    0] | loc. loss = 0.1091 ±0.0312, classif. loss = 0.3109 ±0.2700
2025-10-22 21:16:52,038 | INFO | iter is 3100 / 6250 [skipped    0] | loc. loss = 0.1078 ±0.0293, classif. loss = 0.2480 ±0.2292
2025-10-22 21:17:07,061 | INFO | ---------starting evaluation-----------
2025-10-22 21:17:07,858 | INFO | validation:    0/ 189 (2025-10-22_21-17-07)
2025-10-22 21:17:20,526 | INFO | validation:  100/ 189 (2025-10-22_21-17-20)
2025-10-22 21:17:31,952 | INFO | Confusion Matrix of Localization:
[[43912773   472073]
 [  442144  4718226]]
2025-10-22 21:17:31,952 | INFO | Confusion Matrix of Localization - Normalized:
[[0.9893641  0.0106359 ]
 [0.08568068 0.91431932]]
2025-10-22 21:17:31,952 | INFO | Confusion Matrix of Classification:
[[      0       0       0       0       0]
 [     19 4980407    6530   17199    3706]
 [      0   39370    3362    7023     878]
 [      0   35778    2129    7702     303]
 [      0    7352    4202   15135   29275]]
2025-10-22 21:17:31,952 | INFO | Confusion Matrix of Classification - Normalized:
[[           nan            nan            nan            nan
             nan]
 [3.79403502e-06 9.94517819e-01 1.30394993e-03 3.43440044e-03
  7.40036515e-04]
 [0.00000000e+00 7.77556139e-01 6.63993838e-02 1.38704007e-01
  1.73404697e-02]
 [0.00000000e+00 7.79273393e-01 4.63713190e-02 1.67755707e-01
  6.59958181e-03]
 [0.00000000e+00 1.31370167e-01 7.50839826e-02 2.70441713e-01
  5.23104138e-01]]
2025-10-22 21:17:31,952 | INFO | lofF1 is 91.1676, clfF1 is 21.5881, oaF1 is 42.4619, sub class F1 score is [98.9082 10.0574 16.5686 64.9646]
2025-10-22 21:17:31,953 | INFO | ---------starting train set evaluation-----------
2025-10-22 21:17:31,953 | INFO | Train buffer size: 781.
2025-10-22 21:17:35,193 | INFO | [TrainBuf] locF1 is 91.3011, clfF1 is 78.2695, oaF1 is 82.1790, sub class F1 score is [99.1183 71.5839 74.9868 72.9328]
2025-10-22 21:18:22,735 | INFO | iter is 3200 / 6250 [skipped    0] | loc. loss = 0.1059 ±0.0287, classif. loss = 0.2130 ±0.2096
2025-10-22 21:19:25,236 | INFO | iter is 3300 / 6250 [skipped    0] | loc. loss = 0.1030 ±0.0241, classif. loss = 0.2502 ±0.2293
2025-10-22 21:20:27,854 | INFO | iter is 3400 / 6250 [skipped    0] | loc. loss = 0.1079 ±0.0290, classif. loss = 0.2433 ±0.2324
2025-10-22 21:21:30,525 | INFO | iter is 3500 / 6250 [skipped    0] | loc. loss = 0.1055 ±0.0272, classif. loss = 0.2504 ±0.2436
2025-10-22 21:22:33,172 | INFO | iter is 3600 / 6250 [skipped    0] | loc. loss = 0.1090 ±0.0304, classif. loss = 0.2209 ±0.1889
2025-10-22 21:23:35,784 | INFO | iter is 3700 / 6250 [skipped    0] | loc. loss = 0.1042 ±0.0314, classif. loss = 0.2204 ±0.1730
2025-10-22 21:24:38,401 | INFO | iter is 3800 / 6250 [skipped    0] | loc. loss = 0.1030 ±0.0259, classif. loss = 0.1960 ±0.2121
2025-10-22 21:25:41,085 | INFO | iter is 3900 / 6250 [skipped    0] | loc. loss = 0.0944 ±0.0233, classif. loss = 0.2249 ±0.2138
2025-10-22 21:25:44,221 | INFO | ---------starting evaluation-----------
2025-10-22 21:25:45,030 | INFO | validation:    0/ 189 (2025-10-22_21-25-45)
2025-10-22 21:25:57,741 | INFO | validation:  100/ 189 (2025-10-22_21-25-57)
2025-10-22 21:26:09,214 | INFO | Confusion Matrix of Localization:
[[43898799   486047]
 [  451068  4709302]]
2025-10-22 21:26:09,214 | INFO | Confusion Matrix of Localization - Normalized:
[[0.98904926 0.01095074]
 [0.08741001 0.91258999]]
2025-10-22 21:26:09,214 | INFO | Confusion Matrix of Classification:
[[      0       0       0       0       0]
 [     10 4950035    8645   37017   12154]
 [      0   31752    7473   10339    1069]
 [      0   29338     597   11921    4056]
 [      0    7792    2073    7685   38414]]
2025-10-22 21:26:09,214 | INFO | Confusion Matrix of Classification - Normalized:
[[           nan            nan            nan            nan
             nan]
 [1.99686054e-06 9.88452954e-01 1.72628593e-03 7.39177865e-03
  2.42698430e-03]
 [0.00000000e+00 6.27100903e-01 1.47591492e-01 2.04194893e-01
  2.11127131e-02]
 [0.00000000e+00 6.39005053e-01 1.30031364e-02 2.59648894e-01
  8.83429169e-02]
 [0.00000000e+00 1.39232364e-01 3.70416696e-02 1.37320420e-01
  6.86405546e-01]]
2025-10-22 21:26:09,214 | INFO | lofF1 is 90.9507, clfF1 is 33.7690, oaF1 is 50.9235, sub class F1 score is [98.7363 21.5295 21.1227 68.8071]
2025-10-22 21:26:09,215 | INFO | ---------starting train set evaluation-----------
2025-10-22 21:26:09,215 | INFO | Train buffer size: 781.
2025-10-22 21:26:12,476 | INFO | [TrainBuf] locF1 is 91.7247, clfF1 is 85.3900, oaF1 is 87.2904, sub class F1 score is [99.2277 78.5755 84.5242 81.9101]
2025-10-22 21:27:11,909 | INFO | iter is 4000 / 6250 [skipped    0] | loc. loss = 0.1015 ±0.0265, classif. loss = 0.2240 ±0.2030
2025-10-22 21:28:14,432 | INFO | iter is 4100 / 6250 [skipped    0] | loc. loss = 0.0946 ±0.0295, classif. loss = 0.1789 ±0.1718
2025-10-22 21:29:16,993 | INFO | iter is 4200 / 6250 [skipped    0] | loc. loss = 0.0995 ±0.0272, classif. loss = 0.2458 ±0.2468
2025-10-22 21:30:19,542 | INFO | iter is 4300 / 6250 [skipped    0] | loc. loss = 0.1064 ±0.0291, classif. loss = 0.2437 ±0.2390
2025-10-22 21:31:22,100 | INFO | iter is 4400 / 6250 [skipped    0] | loc. loss = 0.0958 ±0.0275, classif. loss = 0.1750 ±0.1729
2025-10-22 21:32:24,666 | INFO | iter is 4500 / 6250 [skipped    0] | loc. loss = 0.0982 ±0.0245, classif. loss = 0.1873 ±0.1780
2025-10-22 21:33:27,207 | INFO | iter is 4600 / 6250 [skipped    0] | loc. loss = 0.0986 ±0.0270, classif. loss = 0.2116 ±0.2048
2025-10-22 21:34:21,076 | INFO | ---------starting evaluation-----------
2025-10-22 21:34:21,883 | INFO | validation:    0/ 189 (2025-10-22_21-34-21)
2025-10-22 21:34:34,573 | INFO | validation:  100/ 189 (2025-10-22_21-34-34)
2025-10-22 21:34:46,045 | INFO | Confusion Matrix of Localization:
[[44014223   370623]
 [  505474  4654896]]
2025-10-22 21:34:46,045 | INFO | Confusion Matrix of Localization - Normalized:
[[0.99164979 0.00835021]
 [0.09795305 0.90204695]]
2025-10-22 21:34:46,045 | INFO | Confusion Matrix of Classification:
[[      0       0       0       0       0]
 [     23 4983673   13806    8688    1671]
 [      0   27942   17540    5151       0]
 [      0   34491    1124   10026     271]
 [      0   12563    5454    8929   29018]]
2025-10-22 21:34:46,045 | INFO | Confusion Matrix of Classification - Normalized:
[[           nan            nan            nan            nan
             nan]
 [4.59277923e-06 9.95169994e-01 2.75686566e-03 1.73487243e-03
  3.33675396e-04]
 [0.00000000e+00 5.51853534e-01 3.46414394e-01 1.01732072e-01
  0.00000000e+00]
 [0.00000000e+00 7.51241505e-01 2.44816170e-02 2.18374281e-01
  5.90259627e-03]
 [0.00000000e+00 2.24483597e-01 9.74555071e-02 1.59548996e-01
  5.18511901e-01]]
2025-10-22 21:34:46,046 | INFO | lofF1 is 91.3989, clfF1 is 44.6566, oaF1 is 58.6793, sub class F1 score is [99.0147 39.6129 25.4771 66.7664]
2025-10-22 21:34:46,303 | INFO | Model saved in: /mnt/storage1/alpgenc/change_detection/ChangeMamba_AG/changedetection/deneme_saved_models/tr2025-10-22_20-43-05_MambaBDA_Base_EarthquakeTurkey_ALIGN/model_step4686.pth
2025-10-22 21:34:46,303 | INFO | ---------starting train set evaluation-----------
2025-10-22 21:34:46,303 | INFO | Train buffer size: 781.
2025-10-22 21:34:49,545 | INFO | [TrainBuf] locF1 is 92.3130, clfF1 is 86.2632, oaF1 is 88.0781, sub class F1 score is [99.3198 82.383  84.2334 81.3601]
2025-10-22 21:34:58,322 | INFO | iter is 4700 / 6250 [skipped    0] | loc. loss = 0.0982 ±0.0281, classif. loss = 0.2298 ±0.2088
2025-10-22 21:36:00,913 | INFO | iter is 4800 / 6250 [skipped    0] | loc. loss = 0.0988 ±0.0258, classif. loss = 0.2232 ±0.1779
2025-10-22 21:37:03,440 | INFO | iter is 4900 / 6250 [skipped    0] | loc. loss = 0.0952 ±0.0224, classif. loss = 0.1842 ±0.1884
2025-10-22 21:38:06,012 | INFO | iter is 5000 / 6250 [skipped    0] | loc. loss = 0.0963 ±0.0268, classif. loss = 0.2503 ±0.2212
2025-10-22 21:39:08,573 | INFO | iter is 5100 / 6250 [skipped    0] | loc. loss = 0.1036 ±0.0268, classif. loss = 0.2668 ±0.2215
2025-10-22 21:40:11,134 | INFO | iter is 5200 / 6250 [skipped    0] | loc. loss = 0.0972 ±0.0263, classif. loss = 0.2010 ±0.1935
2025-10-22 21:41:13,737 | INFO | iter is 5300 / 6250 [skipped    0] | loc. loss = 0.0907 ±0.0227, classif. loss = 0.1490 ±0.1731
2025-10-22 21:42:16,339 | INFO | iter is 5400 / 6250 [skipped    0] | loc. loss = 0.0932 ±0.0274, classif. loss = 0.2152 ±0.1685
2025-10-22 21:42:58,298 | INFO | ---------starting evaluation-----------
2025-10-22 21:42:59,115 | INFO | validation:    0/ 189 (2025-10-22_21-42-59)
2025-10-22 21:43:11,800 | INFO | validation:  100/ 189 (2025-10-22_21-43-11)
2025-10-22 21:43:23,227 | INFO | Confusion Matrix of Localization:
[[43857223   527623]
 [  368362  4792008]]
2025-10-22 21:43:23,228 | INFO | Confusion Matrix of Localization - Normalized:
[[0.98811254 0.01188746]
 [0.07138287 0.92861713]]
2025-10-22 21:43:23,228 | INFO | Confusion Matrix of Classification:
[[      0       0       0       0       0]
 [     11 4982705    5181   10071    9893]
 [      0   27562   11919   11127      25]
 [      0   36423     770    5113    3606]
 [      0   12352    3297    4545   35770]]
2025-10-22 21:43:23,228 | INFO | Confusion Matrix of Classification - Normalized:
[[           nan            nan            nan            nan
             nan]
 [2.19654659e-06 9.94976698e-01 1.03457344e-03 2.01103825e-03
  1.97549413e-03]
 [0.00000000e+00 5.44348547e-01 2.35399838e-01 2.19757865e-01
  4.93749136e-04]
 [0.00000000e+00 7.93322007e-01 1.67712145e-02 1.11365220e-01
  7.85415578e-02]
 [0.00000000e+00 2.20713316e-01 5.89128726e-02 8.12129226e-02
  6.39160889e-01]]
2025-10-22 21:43:23,228 | INFO | lofF1 is 91.4505, clfF1 is 30.7677, oaF1 is 48.9726, sub class F1 score is [98.9918 33.2006 13.3206 67.9663]
2025-10-22 21:43:23,228 | INFO | ---------starting train set evaluation-----------
2025-10-22 21:43:23,229 | INFO | Train buffer size: 781.
2025-10-22 21:43:26,507 | INFO | [TrainBuf] locF1 is 92.5196, clfF1 is 87.4806, oaF1 is 88.9923, sub class F1 score is [99.3042 80.8988 88.3199 83.5368]
2025-10-22 21:43:47,203 | INFO | iter is 5500 / 6250 [skipped    0] | loc. loss = 0.0942 ±0.0279, classif. loss = 0.1936 ±0.2058
2025-10-22 21:44:49,690 | INFO | iter is 5600 / 6250 [skipped    0] | loc. loss = 0.0897 ±0.0230, classif. loss = 0.1834 ±0.1656
2025-10-22 21:45:52,281 | INFO | iter is 5700 / 6250 [skipped    0] | loc. loss = 0.0929 ±0.0244, classif. loss = 0.2028 ±0.1818
2025-10-22 21:46:54,825 | INFO | iter is 5800 / 6250 [skipped    0] | loc. loss = 0.0963 ±0.0300, classif. loss = 0.2359 ±0.2693
2025-10-22 21:47:57,373 | INFO | iter is 5900 / 6250 [skipped    0] | loc. loss = 0.0944 ±0.0266, classif. loss = 0.1915 ±0.1712
2025-10-22 21:48:59,951 | INFO | iter is 6000 / 6250 [skipped    0] | loc. loss = 0.0904 ±0.0237, classif. loss = 0.1711 ±0.1639
2025-10-22 21:50:02,570 | INFO | iter is 6100 / 6250 [skipped    0] | loc. loss = 0.0955 ±0.0252, classif. loss = 0.1658 ±0.1588
2025-10-22 21:51:05,544 | INFO | iter is 6200 / 6250 [skipped    0] | loc. loss = 0.0931 ±0.0283, classif. loss = 0.1955 ±0.1686
2025-10-22 21:51:35,678 | INFO | ---------starting evaluation-----------
2025-10-22 21:51:36,497 | INFO | validation:    0/ 189 (2025-10-22_21-51-36)
2025-10-22 21:51:49,204 | INFO | validation:  100/ 189 (2025-10-22_21-51-49)
2025-10-22 21:52:00,665 | INFO | Confusion Matrix of Localization:
[[44019382   365464]
 [  493648  4666722]]
2025-10-22 21:52:00,666 | INFO | Confusion Matrix of Localization - Normalized:
[[0.99176602 0.00823398]
 [0.09566136 0.90433864]]
2025-10-22 21:52:00,666 | INFO | Confusion Matrix of Classification:
[[      0       0       0       0       0]
 [      0 4994821    8512    2940    1588]
 [      0   33241   14959    2433       0]
 [      0   34404    4390    5519    1599]
 [      0   14040    2555    6869   32500]]
2025-10-22 21:52:00,666 | INFO | Confusion Matrix of Classification - Normalized:
[[           nan            nan            nan            nan
             nan]
 [0.00000000e+00 9.97396094e-01 1.69972769e-03 5.87076998e-04
  3.17101453e-04]
 [0.00000000e+00 6.56508601e-01 2.95439733e-01 4.80516659e-02
  0.00000000e+00]
 [0.00000000e+00 7.49346576e-01 9.56177034e-02 1.20208224e-01
  3.48274961e-02]
 [0.00000000e+00 2.50875563e-01 4.56543492e-02 1.22739618e-01
  5.80730470e-01]]
2025-10-22 21:52:00,666 | INFO | lofF1 is 91.5712, clfF1 is 36.7071, oaF1 is 53.1663, sub class F1 score is [99.0607 36.9135 17.3354 70.9212]
2025-10-22 21:52:00,666 | INFO | ---------starting train set evaluation-----------
2025-10-22 21:52:00,666 | INFO | Train buffer size: 781.
2025-10-22 21:52:03,918 | INFO | [TrainBuf] locF1 is 92.7367, clfF1 is 89.9341, oaF1 is 90.7749, sub class F1 score is [99.4762 85.1253 89.4168 87.0067]
2025-10-22 21:52:05,193 | INFO | -----------Training is completed-----------
2025-10-22 21:52:05,449 | INFO | Model saved in: /mnt/storage1/alpgenc/change_detection/ChangeMamba_AG/changedetection/deneme_saved_models/tr2025-10-22_20-43-05_MambaBDA_Base_EarthquakeTurkey_ALIGN/model_step6250_last.pth
2025-10-22 21:52:05,449 | INFO | !! Total Skipped: 0 (0.00%)
2025-10-22 21:52:05,451 | INFO | ---------starting evaluation-----------
2025-10-22 21:52:06,254 | INFO | validation:    0/ 189 (2025-10-22_21-52-06)
2025-10-22 21:52:18,958 | INFO | validation:  100/ 189 (2025-10-22_21-52-18)
2025-10-22 21:52:30,434 | INFO | Confusion Matrix of Localization:
[[43951754   433092]
 [  421522  4738848]]
2025-10-22 21:52:30,434 | INFO | Confusion Matrix of Localization - Normalized:
[[0.99024235 0.00975765]
 [0.08168445 0.91831555]]
2025-10-22 21:52:30,434 | INFO | Confusion Matrix of Classification:
[[      0       0       0       0       0]
 [      0 4996199    7119    2954    1589]
 [      0   33347   14842    2444       0]
 [      0   34529    4004    6101    1278]
 [      0   14421    2239    8218   31086]]
2025-10-22 21:52:30,435 | INFO | Confusion Matrix of Classification - Normalized:
[[           nan            nan            nan            nan
             nan]
 [0.00000000e+00 9.97671261e-01 1.42156502e-03 5.89872602e-04
  3.17301139e-04]
 [0.00000000e+00 6.58602097e-01 2.93128987e-01 4.82689155e-02
  0.00000000e+00]
 [0.00000000e+00 7.52069176e-01 8.72103154e-02 1.32884649e-01
  2.78358599e-02]
 [0.00000000e+00 2.57683511e-01 4.00078622e-02 1.46844400e-01
  5.55464227e-01]]
2025-10-22 21:52:30,435 | INFO | lofF1 is 91.7287, clfF1 is 38.1312, oaF1 is 54.2105, sub class F1 score is [99.0684 37.6524 18.5924 69.1438]
2025-10-22 21:52:30,436 | INFO | loc_f1_score=91.7287, harmonic_mean_f1=38.1312, oaf1=54.2105, damage_f1_score=array([99.0684, 37.6524, 18.5924, 69.1438])
2025-10-22 21:52:30,460 | INFO | Removed non-best model: /mnt/storage1/alpgenc/change_detection/ChangeMamba_AG/changedetection/deneme_saved_models/tr2025-10-22_20-43-05_MambaBDA_Base_EarthquakeTurkey_ALIGN/model_step1562.pth
2025-10-22 21:52:30,483 | INFO | Removed non-best model: /mnt/storage1/alpgenc/change_detection/ChangeMamba_AG/changedetection/deneme_saved_models/tr2025-10-22_20-43-05_MambaBDA_Base_EarthquakeTurkey_ALIGN/model_step2343.pth
2025-10-22 21:52:30,504 | INFO | Removed non-best model: /mnt/storage1/alpgenc/change_detection/ChangeMamba_AG/changedetection/deneme_saved_models/tr2025-10-22_20-43-05_MambaBDA_Base_EarthquakeTurkey_ALIGN/model_step781.pth
2025-10-22 21:52:30,504 | INFO | Best model kept: /mnt/storage1/alpgenc/change_detection/ChangeMamba_AG/changedetection/deneme_saved_models/tr2025-10-22_20-43-05_MambaBDA_Base_EarthquakeTurkey_ALIGN/model_step4686_best.pth
2025-10-22 21:52:30,504 | INFO | ---------starting train set evaluation-----------
2025-10-22 21:52:30,504 | INFO | Train buffer size: 2.
2025-10-22 21:52:30,513 | INFO | [TrainBuf] locF1 is 91.5853, clfF1 is 0.0000, oaF1 is 27.4756, sub class F1 score is [99.9714 98.7298  0.      0.    ]
2025-10-22 21:52:30,515 | INFO | Validation Results:
2025-10-22 21:52:30,515 | INFO | [TEST ] Step   781: (87.7022, 14.3234, 36.3371, array([98.7555,  4.5332, 30.5118, 63.4238]))
2025-10-22 21:52:30,515 | INFO | [TRAIN] Step   781: (82.2927, 31.517, 46.7497, array([97.3848, 15.2288, 40.0084, 38.4799]))

2025-10-22 21:52:30,515 | INFO | [TEST ] Step  1562: (89.4442, 22.8879, 42.8548, array([98.9415, 17.977 , 10.7902, 61.1468]))
2025-10-22 21:52:30,515 | INFO | [TRAIN] Step  1562: (89.1104, 60.3776, 68.9974, array([98.5958, 49.9775, 58.8273, 52.3577]))

2025-10-22 21:52:30,515 | INFO | [TEST ] Step  2343: (90.0261, 39.6092, 54.7343, array([98.648 , 28.0203, 24.9521, 66.2939]))
2025-10-22 21:52:30,515 | INFO | [TRAIN] Step  2343: (90.5548, 72.3009, 77.7771, array([98.8396, 64.7863, 67.6397, 66.7228]))

2025-10-22 21:52:30,515 | INFO | [TEST ] Step  3124: (91.1676, 21.5881, 42.4619, array([98.9082, 10.0574, 16.5686, 64.9646]))
2025-10-22 21:52:30,515 | INFO | [TRAIN] Step  3124: (91.3011, 78.2695, 82.179, array([99.1183, 71.5839, 74.9868, 72.9328]))

2025-10-22 21:52:30,516 | INFO | [TEST ] Step  3905: (90.9507, 33.769, 50.9235, array([98.7363, 21.5295, 21.1227, 68.8071]))
2025-10-22 21:52:30,516 | INFO | [TRAIN] Step  3905: (91.7247, 85.39, 87.2904, array([99.2277, 78.5755, 84.5242, 81.9101]))

2025-10-22 21:52:30,516 | INFO | [TEST ] Step  4686: (91.3989, 44.6566, 58.6793, array([99.0147, 39.6129, 25.4771, 66.7664]))
2025-10-22 21:52:30,516 | INFO | [TRAIN] Step  4686: (92.313, 86.2632, 88.0781, array([99.3198, 82.383 , 84.2334, 81.3601]))

2025-10-22 21:52:30,516 | INFO | [TEST ] Step  5467: (91.4505, 30.7677, 48.9726, array([98.9918, 33.2006, 13.3206, 67.9663]))
2025-10-22 21:52:30,516 | INFO | [TRAIN] Step  5467: (92.5196, 87.4806, 88.9923, array([99.3042, 80.8988, 88.3199, 83.5368]))

2025-10-22 21:52:30,516 | INFO | [TEST ] Step  6248: (91.5712, 36.7071, 53.1663, array([99.0607, 36.9135, 17.3354, 70.9212]))
2025-10-22 21:52:30,516 | INFO | [TRAIN] Step  6248: (92.7367, 89.9341, 90.7749, array([99.4762, 85.1253, 89.4168, 87.0067]))

2025-10-22 21:52:30,516 | INFO | [TEST ] Step    -1: (91.7287, 38.1312, 54.2105, array([99.0684, 37.6524, 18.5924, 69.1438]))
2025-10-22 21:52:30,516 | INFO | [TRAIN] Step    -1: (91.5853, 0.0, 27.4756, array([99.9714, 98.7298,  0.    ,  0.    ]))

2025-10-22 21:52:30,516 | INFO | The accuracy of the best round is: [91.3989, 44.6566, 58.6793, array([99.0147, 39.6129, 25.4771, 66.7664])]
2025-10-22 21:52:30,538 | INFO | MAIN - DONE.
2025-10-22 21:52:30,538 | INFO | MAIN - EXIT.
